
############################################################
  ADVERSARIAL SPEC
  Feature: phase2-audio
  Max loops: 2
  Provider mode: registry
############################################################

============================================================
  SPEC BRANCH  spec/phase2-audio/2  (from main)
============================================================

============================================================
  WRITE  (SPEC-WRITER)
============================================================
  OK commit e479103899e8

============================================================
  CHALLENGE  (SPEC-CHALLENGER)
============================================================
  OK 5 findings — verdict REQUEST_CHANGES

============================================================
  REVISE  (round 1/2)
============================================================

============================================================
  VERIFY  (round 1/2)
============================================================
X verify_1 failed: readgate HARD_ERROR: missing READ markers after retry
